
==========================================================================
detailed place report_tns
--------------------------------------------------------------------------
tns 0.00

==========================================================================
detailed place report_wns
--------------------------------------------------------------------------
wns 0.00

==========================================================================
detailed place report_worst_slack
--------------------------------------------------------------------------
worst slack 73.34

==========================================================================
detailed place report_checks -path_delay min
--------------------------------------------------------------------------
Startpoint: B[0] (input port clocked by core_clock)
Endpoint: S[0] (output port clocked by core_clock)
Path Group: core_clock
Path Type: min

Fanout     Cap    Slew   Delay    Time   Description
-----------------------------------------------------------------------------
                  0.00    0.00    0.00   clock core_clock (rise edge)
                          0.00    0.00   clock network delay (ideal)
                         25.00   25.00 v input external delay
     1    0.00    0.00    0.00   25.00 v B[0] (in)
                                         B[0] (net)
                  0.00    0.00   25.00 v input33/A (sg13g2_buf_1)
     2    0.01    0.03    0.06   25.06 v input33/X (sg13g2_buf_1)
                                         net33 (net)
                  0.03    0.00   25.06 v _345_/A (sg13g2_xnor2_1)
     1    0.00    0.03    0.07   25.13 ^ _345_/Y (sg13g2_xnor2_1)
                                         net67 (net)
                  0.03    0.00   25.13 ^ output67/A (sg13g2_buf_1)
     1    0.00    0.01    0.05   25.19 ^ output67/X (sg13g2_buf_1)
                                         S[0] (net)
                  0.01    0.00   25.19 ^ S[0] (out)
                                 25.19   data arrival time

                  0.00    0.00    0.00   clock core_clock (rise edge)
                          0.00    0.00   clock network delay (ideal)
                          0.00    0.00   clock reconvergence pessimism
                        -25.00  -25.00   output external delay
                                -25.00   data required time
-----------------------------------------------------------------------------
                                -25.00   data required time
                                -25.19   data arrival time
-----------------------------------------------------------------------------
                                 50.19   slack (MET)



==========================================================================
detailed place report_checks -path_delay max
--------------------------------------------------------------------------
Startpoint: A[2] (input port clocked by core_clock)
Endpoint: S[31] (output port clocked by core_clock)
Path Group: core_clock
Path Type: max

Fanout     Cap    Slew   Delay    Time   Description
-----------------------------------------------------------------------------
                  0.00    0.00    0.00   clock core_clock (rise edge)
                          0.00    0.00   clock network delay (ideal)
                         25.00   25.00 ^ input external delay
     1    0.00    0.00    0.00   25.00 ^ A[2] (in)
                                         A[2] (net)
                  0.00    0.00   25.00 ^ input23/A (sg13g2_buf_1)
     4    0.01    0.07    0.08   25.08 ^ input23/X (sg13g2_buf_1)
                                         net23 (net)
                  0.07    0.00   25.08 ^ _247_/B (sg13g2_xor2_1)
     2    0.01    0.10    0.14   25.22 ^ _247_/X (sg13g2_xor2_1)
                                         _034_ (net)
                  0.10    0.00   25.22 ^ _248_/C (sg13g2_nand3b_1)
     1    0.00    0.06    0.11   25.33 v _248_/Y (sg13g2_nand3b_1)
                                         _035_ (net)
                  0.06    0.00   25.33 v _252_/A2 (sg13g2_o21ai_1)
     6    0.02    0.24    0.22   25.55 ^ _252_/Y (sg13g2_o21ai_1)
                                         _039_ (net)
                  0.24    0.00   25.55 ^ _268_/A1 (sg13g2_a21o_1)
     3    0.01    0.07    0.20   25.75 ^ _268_/X (sg13g2_a21o_1)
                                         _055_ (net)
                  0.07    0.00   25.75 ^ _269_/B2 (sg13g2_a22oi_1)
     2    0.01    0.11    0.10   25.85 v _269_/Y (sg13g2_a22oi_1)
                                         _056_ (net)
                  0.11    0.00   25.85 v _299_/A1 (sg13g2_a21oi_2)
     4    0.02    0.11    0.12   25.97 ^ _299_/Y (sg13g2_a21oi_2)
                                         _086_ (net)
                  0.11    0.00   25.97 ^ _318_/A1 (sg13g2_o21ai_1)
     4    0.02    0.11    0.14   26.11 v _318_/Y (sg13g2_o21ai_1)
                                         _105_ (net)
                  0.11    0.00   26.11 v _327_/A2 (sg13g2_a221oi_1)
     1    0.00    0.11    0.17   26.28 ^ _327_/Y (sg13g2_a221oi_1)
                                         _114_ (net)
                  0.11    0.00   26.28 ^ _335_/A (sg13g2_nor3_1)
     2    0.01    0.06    0.09   26.37 v _335_/Y (sg13g2_nor3_1)
                                         _122_ (net)
                  0.06    0.00   26.37 v _341_/A2 (sg13g2_a21o_1)
     2    0.01    0.04    0.14   26.51 v _341_/X (sg13g2_a21o_1)
                                         _128_ (net)
                  0.04    0.00   26.51 v _437_/A (sg13g2_xnor2_1)
     1    0.00    0.04    0.09   26.60 v _437_/Y (sg13g2_xnor2_1)
                                         net91 (net)
                  0.04    0.00   26.60 v output91/A (sg13g2_buf_1)
     1    0.00    0.01    0.06   26.66 v output91/X (sg13g2_buf_1)
                                         S[31] (net)
                  0.01    0.00   26.66 v S[31] (out)
                                 26.66   data arrival time

                  0.00  125.00  125.00   clock core_clock (rise edge)
                          0.00  125.00   clock network delay (ideal)
                          0.00  125.00   clock reconvergence pessimism
                        -25.00  100.00   output external delay
                                100.00   data required time
-----------------------------------------------------------------------------
                                100.00   data required time
                                -26.66   data arrival time
-----------------------------------------------------------------------------
                                 73.34   slack (MET)



==========================================================================
detailed place report_checks -unconstrained
--------------------------------------------------------------------------
Startpoint: A[2] (input port clocked by core_clock)
Endpoint: S[31] (output port clocked by core_clock)
Path Group: core_clock
Path Type: max

Fanout     Cap    Slew   Delay    Time   Description
-----------------------------------------------------------------------------
                  0.00    0.00    0.00   clock core_clock (rise edge)
                          0.00    0.00   clock network delay (ideal)
                         25.00   25.00 ^ input external delay
     1    0.00    0.00    0.00   25.00 ^ A[2] (in)
                                         A[2] (net)
                  0.00    0.00   25.00 ^ input23/A (sg13g2_buf_1)
     4    0.01    0.07    0.08   25.08 ^ input23/X (sg13g2_buf_1)
                                         net23 (net)
                  0.07    0.00   25.08 ^ _247_/B (sg13g2_xor2_1)
     2    0.01    0.10    0.14   25.22 ^ _247_/X (sg13g2_xor2_1)
                                         _034_ (net)
                  0.10    0.00   25.22 ^ _248_/C (sg13g2_nand3b_1)
     1    0.00    0.06    0.11   25.33 v _248_/Y (sg13g2_nand3b_1)
                                         _035_ (net)
                  0.06    0.00   25.33 v _252_/A2 (sg13g2_o21ai_1)
     6    0.02    0.24    0.22   25.55 ^ _252_/Y (sg13g2_o21ai_1)
                                         _039_ (net)
                  0.24    0.00   25.55 ^ _268_/A1 (sg13g2_a21o_1)
     3    0.01    0.07    0.20   25.75 ^ _268_/X (sg13g2_a21o_1)
                                         _055_ (net)
                  0.07    0.00   25.75 ^ _269_/B2 (sg13g2_a22oi_1)
     2    0.01    0.11    0.10   25.85 v _269_/Y (sg13g2_a22oi_1)
                                         _056_ (net)
                  0.11    0.00   25.85 v _299_/A1 (sg13g2_a21oi_2)
     4    0.02    0.11    0.12   25.97 ^ _299_/Y (sg13g2_a21oi_2)
                                         _086_ (net)
                  0.11    0.00   25.97 ^ _318_/A1 (sg13g2_o21ai_1)
     4    0.02    0.11    0.14   26.11 v _318_/Y (sg13g2_o21ai_1)
                                         _105_ (net)
                  0.11    0.00   26.11 v _327_/A2 (sg13g2_a221oi_1)
     1    0.00    0.11    0.17   26.28 ^ _327_/Y (sg13g2_a221oi_1)
                                         _114_ (net)
                  0.11    0.00   26.28 ^ _335_/A (sg13g2_nor3_1)
     2    0.01    0.06    0.09   26.37 v _335_/Y (sg13g2_nor3_1)
                                         _122_ (net)
                  0.06    0.00   26.37 v _341_/A2 (sg13g2_a21o_1)
     2    0.01    0.04    0.14   26.51 v _341_/X (sg13g2_a21o_1)
                                         _128_ (net)
                  0.04    0.00   26.51 v _437_/A (sg13g2_xnor2_1)
     1    0.00    0.04    0.09   26.60 v _437_/Y (sg13g2_xnor2_1)
                                         net91 (net)
                  0.04    0.00   26.60 v output91/A (sg13g2_buf_1)
     1    0.00    0.01    0.06   26.66 v output91/X (sg13g2_buf_1)
                                         S[31] (net)
                  0.01    0.00   26.66 v S[31] (out)
                                 26.66   data arrival time

                  0.00  125.00  125.00   clock core_clock (rise edge)
                          0.00  125.00   clock network delay (ideal)
                          0.00  125.00   clock reconvergence pessimism
                        -25.00  100.00   output external delay
                                100.00   data required time
-----------------------------------------------------------------------------
                                100.00   data required time
                                -26.66   data arrival time
-----------------------------------------------------------------------------
                                 73.34   slack (MET)



==========================================================================
detailed place report_check_types -max_slew -max_cap -max_fanout -violators
--------------------------------------------------------------------------

==========================================================================
detailed place max_slew_check_slack
--------------------------------------------------------------------------
2.263493061065674

==========================================================================
detailed place max_slew_check_limit
--------------------------------------------------------------------------
2.5074000358581543

==========================================================================
detailed place max_slew_check_slack_limit
--------------------------------------------------------------------------
0.9027

==========================================================================
detailed place max_fanout_check_slack
--------------------------------------------------------------------------
1.0

==========================================================================
detailed place max_fanout_check_limit
--------------------------------------------------------------------------
8.0

==========================================================================
detailed place max_fanout_check_slack_limit
--------------------------------------------------------------------------
0.1250

==========================================================================
detailed place max_capacitance_check_slack
--------------------------------------------------------------------------
0.2791609764099121

==========================================================================
detailed place max_capacitance_check_limit
--------------------------------------------------------------------------
0.30000001192092896

==========================================================================
detailed place max_capacitance_check_slack_limit
--------------------------------------------------------------------------
0.9305

==========================================================================
detailed place max_slew_violation_count
--------------------------------------------------------------------------
max slew violation count 0

==========================================================================
detailed place max_fanout_violation_count
--------------------------------------------------------------------------
max fanout violation count 0

==========================================================================
detailed place max_cap_violation_count
--------------------------------------------------------------------------
max cap violation count 0

==========================================================================
detailed place setup_violation_count
--------------------------------------------------------------------------
setup violation count 0

==========================================================================
detailed place hold_violation_count
--------------------------------------------------------------------------
hold violation count 0

==========================================================================
detailed place critical path delay
--------------------------------------------------------------------------
26.6556

==========================================================================
detailed place critical path slack
--------------------------------------------------------------------------
73.3444

==========================================================================
detailed place slack div critical path delay
--------------------------------------------------------------------------
275.155690

==========================================================================
detailed place report_power
--------------------------------------------------------------------------
Group                  Internal  Switching    Leakage      Total
                          Power      Power      Power      Power (Watts)
----------------------------------------------------------------
Sequential             0.00e+00   0.00e+00   0.00e+00   0.00e+00   0.0%
Combinational          3.10e-06   2.09e-06   4.38e-08   5.23e-06 100.0%
Clock                  0.00e+00   0.00e+00   0.00e+00   0.00e+00   0.0%
Macro                  0.00e+00   0.00e+00   0.00e+00   0.00e+00   0.0%
Pad                    0.00e+00   0.00e+00   0.00e+00   0.00e+00   0.0%
----------------------------------------------------------------
Total                  3.10e-06   2.09e-06   4.38e-08   5.23e-06 100.0%
                          59.3%      39.9%       0.8%
