
==========================================================================
resizer report_tns
--------------------------------------------------------------------------
tns 0.00

==========================================================================
resizer report_wns
--------------------------------------------------------------------------
wns 0.00

==========================================================================
resizer report_worst_slack
--------------------------------------------------------------------------
worst slack INF

==========================================================================
resizer report_checks -path_delay min
--------------------------------------------------------------------------
No paths found.

==========================================================================
resizer report_checks -path_delay max
--------------------------------------------------------------------------
No paths found.

==========================================================================
resizer report_checks -unconstrained
--------------------------------------------------------------------------
Startpoint: A[2] (input port clocked by core_clock)
Endpoint: output91/X (internal pin)
Path Group: unconstrained
Path Type: max

Fanout     Cap    Slew   Delay    Time   Description
-----------------------------------------------------------------------------
                         25.00   25.00 ^ input external delay
     1    0.00    0.00    0.00   25.00 ^ A[2] (in)
                                         A[2] (net)
                  0.00    0.00   25.00 ^ input23/A (sg13g2_buf_1)
     4    0.01    0.07    0.08   25.08 ^ input23/X (sg13g2_buf_1)
                                         net23 (net)
                  0.07    0.00   25.08 ^ _247_/B (sg13g2_xor2_1)
     2    0.01    0.10    0.14   25.22 ^ _247_/X (sg13g2_xor2_1)
                                         _034_ (net)
                  0.10    0.00   25.22 ^ _248_/C (sg13g2_nand3b_1)
     1    0.00    0.06    0.10   25.33 v _248_/Y (sg13g2_nand3b_1)
                                         _035_ (net)
                  0.06    0.00   25.33 v _252_/A2 (sg13g2_o21ai_1)
     6    0.02    0.24    0.22   25.55 ^ _252_/Y (sg13g2_o21ai_1)
                                         _039_ (net)
                  0.24    0.00   25.55 ^ _268_/A1 (sg13g2_a21o_1)
     3    0.01    0.07    0.20   25.74 ^ _268_/X (sg13g2_a21o_1)
                                         _055_ (net)
                  0.07    0.00   25.74 ^ _269_/B2 (sg13g2_a22oi_1)
     2    0.01    0.11    0.10   25.84 v _269_/Y (sg13g2_a22oi_1)
                                         _056_ (net)
                  0.11    0.00   25.84 v _299_/A1 (sg13g2_a21oi_2)
     4    0.02    0.10    0.12   25.97 ^ _299_/Y (sg13g2_a21oi_2)
                                         _086_ (net)
                  0.10    0.00   25.97 ^ _318_/A1 (sg13g2_o21ai_1)
     4    0.02    0.11    0.14   26.11 v _318_/Y (sg13g2_o21ai_1)
                                         _105_ (net)
                  0.11    0.00   26.11 v _327_/A2 (sg13g2_a221oi_1)
     1    0.00    0.11    0.17   26.28 ^ _327_/Y (sg13g2_a221oi_1)
                                         _114_ (net)
                  0.11    0.00   26.28 ^ _335_/A (sg13g2_nor3_1)
     2    0.01    0.06    0.09   26.36 v _335_/Y (sg13g2_nor3_1)
                                         _122_ (net)
                  0.06    0.00   26.36 v _341_/A2 (sg13g2_a21o_1)
     2    0.01    0.04    0.14   26.50 v _341_/X (sg13g2_a21o_1)
                                         _128_ (net)
                  0.04    0.00   26.50 v _437_/A (sg13g2_xnor2_1)
     1    0.00    0.04    0.09   26.59 v _437_/Y (sg13g2_xnor2_1)
                                         net91 (net)
                  0.04    0.00   26.59 v output91/A (sg13g2_buf_1)
     0    0.00    0.01    0.06   26.65 v output91/X (sg13g2_buf_1)
                                         S[31] (net)
                                 26.65   data arrival time
-----------------------------------------------------------------------------
(Path is unconstrained)



==========================================================================
resizer report_check_types -max_slew -max_cap -max_fanout -violators
--------------------------------------------------------------------------

==========================================================================
resizer max_slew_check_slack
--------------------------------------------------------------------------
2.263312816619873

==========================================================================
resizer max_slew_check_limit
--------------------------------------------------------------------------
2.5074000358581543

==========================================================================
resizer max_slew_check_slack_limit
--------------------------------------------------------------------------
0.9027

==========================================================================
resizer max_fanout_check_slack
--------------------------------------------------------------------------
1.0

==========================================================================
resizer max_fanout_check_limit
--------------------------------------------------------------------------
8.0

==========================================================================
resizer max_fanout_check_slack_limit
--------------------------------------------------------------------------
0.1250

==========================================================================
resizer max_capacitance_check_slack
--------------------------------------------------------------------------
0.27920302748680115

==========================================================================
resizer max_capacitance_check_limit
--------------------------------------------------------------------------
0.30000001192092896

==========================================================================
resizer max_capacitance_check_slack_limit
--------------------------------------------------------------------------
0.9307

==========================================================================
resizer max_slew_violation_count
--------------------------------------------------------------------------
max slew violation count 0

==========================================================================
resizer max_fanout_violation_count
--------------------------------------------------------------------------
max fanout violation count 0

==========================================================================
resizer max_cap_violation_count
--------------------------------------------------------------------------
max cap violation count 0

==========================================================================
resizer setup_violation_count
--------------------------------------------------------------------------
setup violation count 0

==========================================================================
resizer hold_violation_count
--------------------------------------------------------------------------
hold violation count 0

==========================================================================
resizer critical path delay
--------------------------------------------------------------------------
-1

==========================================================================
resizer critical path slack
--------------------------------------------------------------------------
0

==========================================================================
resizer slack div critical path delay
--------------------------------------------------------------------------
0.000000

==========================================================================
resizer report_power
--------------------------------------------------------------------------
Group                  Internal  Switching    Leakage      Total
                          Power      Power      Power      Power (Watts)
----------------------------------------------------------------
Sequential             0.00e+00   0.00e+00   0.00e+00   0.00e+00   0.0%
Combinational          3.10e-06   2.09e-06   4.38e-08   5.23e-06 100.0%
Clock                  0.00e+00   0.00e+00   0.00e+00   0.00e+00   0.0%
Macro                  0.00e+00   0.00e+00   0.00e+00   0.00e+00   0.0%
Pad                    0.00e+00   0.00e+00   0.00e+00   0.00e+00   0.0%
----------------------------------------------------------------
Total                  3.10e-06   2.09e-06   4.38e-08   5.23e-06 100.0%
                          59.3%      39.8%       0.8%
