
==========================================================================
finish report_tns
--------------------------------------------------------------------------
tns 0.00

==========================================================================
finish report_wns
--------------------------------------------------------------------------
wns 0.00

==========================================================================
finish report_worst_slack
--------------------------------------------------------------------------
worst slack 73.14

==========================================================================
finish report_clock_skew
--------------------------------------------------------------------------
Clock core_clock
No launch/capture paths found.


==========================================================================
finish report_checks -path_delay min
--------------------------------------------------------------------------
Startpoint: A[31] (input port clocked by core_clock)
Endpoint: Co (output port clocked by core_clock)
Path Group: core_clock
Path Type: min

Fanout     Cap    Slew   Delay    Time   Description
-----------------------------------------------------------------------------
                  0.00    0.00    0.00   clock core_clock (rise edge)
                          0.00    0.00   clock network delay (ideal)
                         25.00   25.00 ^ input external delay
     1    0.01    0.00    0.00   25.00 ^ A[31] (in)
                                         A[31] (net)
                  0.00    0.00   25.00 ^ input25/A (sg13g2_buf_1)
     3    0.01    0.07    0.08   25.08 ^ input25/X (sg13g2_buf_1)
                                         net25 (net)
                  0.07    0.00   25.08 ^ _342_/B (sg13g2_nor2_1)
     1    0.00    0.03    0.04   25.12 v _342_/Y (sg13g2_nor2_1)
                                         _129_ (net)
                  0.03    0.00   25.12 v _343_/B1 (sg13g2_a21oi_1)
     1    0.00    0.04    0.05   25.17 ^ _343_/Y (sg13g2_a21oi_1)
                                         net66 (net)
                  0.04    0.00   25.17 ^ output66/A (sg13g2_buf_1)
     1    0.00    0.02    0.07   25.24 ^ output66/X (sg13g2_buf_1)
                                         Co (net)
                  0.02    0.00   25.24 ^ Co (out)
                                 25.24   data arrival time

                  0.00    0.00    0.00   clock core_clock (rise edge)
                          0.00    0.00   clock network delay (ideal)
                          0.00    0.00   clock reconvergence pessimism
                        -25.00  -25.00   output external delay
                                -25.00   data required time
-----------------------------------------------------------------------------
                                -25.00   data required time
                                -25.24   data arrival time
-----------------------------------------------------------------------------
                                 50.24   slack (MET)



==========================================================================
finish report_checks -path_delay max
--------------------------------------------------------------------------
Startpoint: A[2] (input port clocked by core_clock)
Endpoint: S[31] (output port clocked by core_clock)
Path Group: core_clock
Path Type: max

Fanout     Cap    Slew   Delay    Time   Description
-----------------------------------------------------------------------------
                  0.00    0.00    0.00   clock core_clock (rise edge)
                          0.00    0.00   clock network delay (ideal)
                         25.00   25.00 ^ input external delay
     1    0.01    0.00    0.00   25.00 ^ A[2] (in)
                                         A[2] (net)
                  0.00    0.00   25.00 ^ input23/A (sg13g2_buf_1)
     4    0.02    0.09    0.10   25.10 ^ input23/X (sg13g2_buf_1)
                                         net23 (net)
                  0.09    0.00   25.10 ^ _247_/B (sg13g2_xor2_1)
     2    0.01    0.10    0.15   25.25 ^ _247_/X (sg13g2_xor2_1)
                                         _034_ (net)
                  0.10    0.00   25.25 ^ _248_/C (sg13g2_nand3b_1)
     1    0.00    0.07    0.11   25.36 v _248_/Y (sg13g2_nand3b_1)
                                         _035_ (net)
                  0.07    0.00   25.36 v _252_/A2 (sg13g2_o21ai_1)
     6    0.02    0.27    0.25   25.61 ^ _252_/Y (sg13g2_o21ai_1)
                                         _039_ (net)
                  0.27    0.00   25.61 ^ _268_/A1 (sg13g2_a21o_1)
     3    0.02    0.09    0.22   25.83 ^ _268_/X (sg13g2_a21o_1)
                                         _055_ (net)
                  0.09    0.00   25.83 ^ _269_/B2 (sg13g2_a22oi_1)
     2    0.01    0.12    0.11   25.94 v _269_/Y (sg13g2_a22oi_1)
                                         _056_ (net)
                  0.12    0.00   25.94 v _299_/A1 (sg13g2_a21oi_2)
     4    0.02    0.12    0.14   26.09 ^ _299_/Y (sg13g2_a21oi_2)
                                         _086_ (net)
                  0.12    0.00   26.09 ^ _318_/A1 (sg13g2_o21ai_1)
     4    0.02    0.13    0.16   26.25 v _318_/Y (sg13g2_o21ai_1)
                                         _105_ (net)
                  0.13    0.00   26.25 v _327_/A2 (sg13g2_a221oi_1)
     1    0.00    0.13    0.19   26.44 ^ _327_/Y (sg13g2_a221oi_1)
                                         _114_ (net)
                  0.13    0.00   26.44 ^ _335_/A (sg13g2_nor3_1)
     2    0.01    0.07    0.10   26.54 v _335_/Y (sg13g2_nor3_1)
                                         _122_ (net)
                  0.07    0.00   26.54 v _341_/A2 (sg13g2_a21o_1)
     2    0.01    0.05    0.15   26.69 v _341_/X (sg13g2_a21o_1)
                                         _128_ (net)
                  0.05    0.00   26.69 v _437_/A (sg13g2_xnor2_1)
     1    0.00    0.05    0.10   26.79 v _437_/Y (sg13g2_xnor2_1)
                                         net91 (net)
                  0.05    0.00   26.79 v output91/A (sg13g2_buf_1)
     1    0.00    0.02    0.07   26.86 v output91/X (sg13g2_buf_1)
                                         S[31] (net)
                  0.02    0.00   26.86 v S[31] (out)
                                 26.86   data arrival time

                  0.00  125.00  125.00   clock core_clock (rise edge)
                          0.00  125.00   clock network delay (ideal)
                          0.00  125.00   clock reconvergence pessimism
                        -25.00  100.00   output external delay
                                100.00   data required time
-----------------------------------------------------------------------------
                                100.00   data required time
                                -26.86   data arrival time
-----------------------------------------------------------------------------
                                 73.14   slack (MET)



==========================================================================
finish report_checks -unconstrained
--------------------------------------------------------------------------
Startpoint: A[2] (input port clocked by core_clock)
Endpoint: S[31] (output port clocked by core_clock)
Path Group: core_clock
Path Type: max

Fanout     Cap    Slew   Delay    Time   Description
-----------------------------------------------------------------------------
                  0.00    0.00    0.00   clock core_clock (rise edge)
                          0.00    0.00   clock network delay (ideal)
                         25.00   25.00 ^ input external delay
     1    0.01    0.00    0.00   25.00 ^ A[2] (in)
                                         A[2] (net)
                  0.00    0.00   25.00 ^ input23/A (sg13g2_buf_1)
     4    0.02    0.09    0.10   25.10 ^ input23/X (sg13g2_buf_1)
                                         net23 (net)
                  0.09    0.00   25.10 ^ _247_/B (sg13g2_xor2_1)
     2    0.01    0.10    0.15   25.25 ^ _247_/X (sg13g2_xor2_1)
                                         _034_ (net)
                  0.10    0.00   25.25 ^ _248_/C (sg13g2_nand3b_1)
     1    0.00    0.07    0.11   25.36 v _248_/Y (sg13g2_nand3b_1)
                                         _035_ (net)
                  0.07    0.00   25.36 v _252_/A2 (sg13g2_o21ai_1)
     6    0.02    0.27    0.25   25.61 ^ _252_/Y (sg13g2_o21ai_1)
                                         _039_ (net)
                  0.27    0.00   25.61 ^ _268_/A1 (sg13g2_a21o_1)
     3    0.02    0.09    0.22   25.83 ^ _268_/X (sg13g2_a21o_1)
                                         _055_ (net)
                  0.09    0.00   25.83 ^ _269_/B2 (sg13g2_a22oi_1)
     2    0.01    0.12    0.11   25.94 v _269_/Y (sg13g2_a22oi_1)
                                         _056_ (net)
                  0.12    0.00   25.94 v _299_/A1 (sg13g2_a21oi_2)
     4    0.02    0.12    0.14   26.09 ^ _299_/Y (sg13g2_a21oi_2)
                                         _086_ (net)
                  0.12    0.00   26.09 ^ _318_/A1 (sg13g2_o21ai_1)
     4    0.02    0.13    0.16   26.25 v _318_/Y (sg13g2_o21ai_1)
                                         _105_ (net)
                  0.13    0.00   26.25 v _327_/A2 (sg13g2_a221oi_1)
     1    0.00    0.13    0.19   26.44 ^ _327_/Y (sg13g2_a221oi_1)
                                         _114_ (net)
                  0.13    0.00   26.44 ^ _335_/A (sg13g2_nor3_1)
     2    0.01    0.07    0.10   26.54 v _335_/Y (sg13g2_nor3_1)
                                         _122_ (net)
                  0.07    0.00   26.54 v _341_/A2 (sg13g2_a21o_1)
     2    0.01    0.05    0.15   26.69 v _341_/X (sg13g2_a21o_1)
                                         _128_ (net)
                  0.05    0.00   26.69 v _437_/A (sg13g2_xnor2_1)
     1    0.00    0.05    0.10   26.79 v _437_/Y (sg13g2_xnor2_1)
                                         net91 (net)
                  0.05    0.00   26.79 v output91/A (sg13g2_buf_1)
     1    0.00    0.02    0.07   26.86 v output91/X (sg13g2_buf_1)
                                         S[31] (net)
                  0.02    0.00   26.86 v S[31] (out)
                                 26.86   data arrival time

                  0.00  125.00  125.00   clock core_clock (rise edge)
                          0.00  125.00   clock network delay (ideal)
                          0.00  125.00   clock reconvergence pessimism
                        -25.00  100.00   output external delay
                                100.00   data required time
-----------------------------------------------------------------------------
                                100.00   data required time
                                -26.86   data arrival time
-----------------------------------------------------------------------------
                                 73.14   slack (MET)



==========================================================================
finish report_check_types -max_slew -max_cap -max_fanout -violators
--------------------------------------------------------------------------

==========================================================================
finish max_slew_check_slack
--------------------------------------------------------------------------
2.220891237258911

==========================================================================
finish max_slew_check_limit
--------------------------------------------------------------------------
2.5074000358581543

==========================================================================
finish max_slew_check_slack_limit
--------------------------------------------------------------------------
0.8857

==========================================================================
finish max_fanout_check_slack
--------------------------------------------------------------------------
1.0

==========================================================================
finish max_fanout_check_limit
--------------------------------------------------------------------------
8.0

==========================================================================
finish max_fanout_check_slack_limit
--------------------------------------------------------------------------
0.1250

==========================================================================
finish max_capacitance_check_slack
--------------------------------------------------------------------------
0.2714565396308899

==========================================================================
finish max_capacitance_check_limit
--------------------------------------------------------------------------
0.30000001192092896

==========================================================================
finish max_capacitance_check_slack_limit
--------------------------------------------------------------------------
0.9049

==========================================================================
finish max_slew_violation_count
--------------------------------------------------------------------------
max slew violation count 0

==========================================================================
finish max_fanout_violation_count
--------------------------------------------------------------------------
max fanout violation count 0

==========================================================================
finish max_cap_violation_count
--------------------------------------------------------------------------
max cap violation count 0

==========================================================================
finish setup_violation_count
--------------------------------------------------------------------------
setup violation count 0

==========================================================================
finish hold_violation_count
--------------------------------------------------------------------------
hold violation count 0

==========================================================================
finish critical path delay
--------------------------------------------------------------------------
26.8603

==========================================================================
finish critical path slack
--------------------------------------------------------------------------
73.1397

==========================================================================
finish slack div critical path delay
--------------------------------------------------------------------------
272.296661

==========================================================================
finish report_power
--------------------------------------------------------------------------
Group                  Internal  Switching    Leakage      Total
                          Power      Power      Power      Power (Watts)
----------------------------------------------------------------
Sequential             0.00e+00   0.00e+00   0.00e+00   0.00e+00   0.0%
Combinational          3.10e-06   3.06e-06   4.38e-08   6.21e-06  97.8%
Clock                  0.00e+00   0.00e+00   1.39e-07   1.39e-07   2.2%
Macro                  0.00e+00   0.00e+00   0.00e+00   0.00e+00   0.0%
Pad                    0.00e+00   0.00e+00   0.00e+00   0.00e+00   0.0%
----------------------------------------------------------------
Total                  3.10e-06   3.06e-06   1.83e-07   6.35e-06 100.0%
                          48.9%      48.2%       2.9%
